// Jest Snapshot v1, https://goo.gl/fbAQLP

exports[`snapshots Header snapshot 1`] = `
<HeaderRenderer
  appState={
    AppState {
      "bodyMessage": "Process the input text to a BinTreeNode",
      "smallestTreeId": "root",
      "title": "Tree Traversal",
      "treeNode": BinTreeNode {
        "id": "root",
        "left": null,
        "right": null,
      },
    }
  }
/>
`;

exports[`snapshots HeaderRenderer snapshot 1`] = `
<header
  className="App-header"
  data-testid="header"
/>
`;
